
> escala-seguranca-pro@1.0.0 build
> vite build

[36mvite v4.5.14 [32mbuilding for production...[36m[39m
node.exe : 
No linha:1 caractere:1
+ & "C:\Program Files\nodejs/node.exe" 
"C:\Program Files\nodejs/node_mo ...
+ ~~~~~~~~~~~~~~~~~~~~~~~~~~~~~~~~~~~~~~~~~~~~~
~~~~~~~~~~~~~~~~~~~~~~~~
    + CategoryInfo          : NotSpecified: (: 
   String) [], RemoteException
    + FullyQualifiedErrorId : NativeCommandErr 
   or
 
/index.css doesn't exist at build time, it 
will remain unchanged to be resolved at runtime
transforming...
[32mÔ£ô[39m 16 modules transformed.
[32mÔ£ô built in 259ms[39m
[31m[vite:esbuild] Transform failed with 1 
error:
C:/Users/chris/Desktop/escala-de-seguran├ºa-pro
-iniciar-testes/App.tsx:6103:8: ERROR: 
Unexpected "export"[39m
file: [36mC:/Users/chris/Desktop/escala-de-seg
uran├ºa-pro-iniciar-testes/App.tsx:6103:8[39m
[33m
[33mUnexpected "export"[33m
6101|          }
6102|  
6103|          export default function App() {
   |          ^
6104|            return (
6105|              <ErrorBoundary>
[39m
[31merror during build:
Error: Transform failed with 1 error:
C:/Users/chris/Desktop/escala-de-seguran├ºa-pro
-iniciar-testes/App.tsx:6103:8: ERROR: 
Unexpected "export"
    at failureErrorWithLog (C:\Users\chris\Desk
top\escala-de-seguran├ºa-pro-iniciar-testes\nod
e_modules\esbuild\lib\main.js:1649:15)
    at C:\Users\chris\Desktop\escala-de-seguran
├ºa-pro-iniciar-testes\node_modules\esbuild\lib
\main.js:847:29
    at responseCallbacks.<computed> (C:\Users\c
hris\Desktop\escala-de-seguran├ºa-pro-iniciar-t
estes\node_modules\esbuild\lib\main.js:703:9)
    at handleIncomingPacket (C:\Users\chris\Des
ktop\escala-de-seguran├ºa-pro-iniciar-testes\no
de_modules\esbuild\lib\main.js:762:9)
    at Socket.readFromStdout (C:\Users\chris\De
sktop\escala-de-seguran├ºa-pro-iniciar-testes\n
ode_modules\esbuild\lib\main.js:679:7)
    at Socket.emit (node:events:508:28)
    at addChunk 
(node:internal/streams/readable:559:12)
    at readableAddChunkPushByteMode 
(node:internal/streams/readable:510:3)
    at Readable.push 
(node:internal/streams/readable:390:5)
    at Pipe.onStreamRead 
(node:internal/stream_base_commons:189:23)[39m
